Test 1: Query with 'percentage' keyword
Success: True
Original Query: show me campaigns with click rate percentage greater than 20
Explanation: Getting strategies with click rate greater than 20%
Debug Info:
  Processing Method: LLM
  Additional Info:

 + = *80 + 

Test 2: Query with 'rate' keyword
Success: True
Original Query: find strategies with high click rate greater than 25
Explanation: Getting strategies with click rate greater than 25%
Debug Info:
  Processing Method: LLM
  Additional Info:

 + = *80 + 

Test 3: Count-based query (should NOT use percentage)
Success: True
Original Query: show me campaigns with click count greater than 20
Explanation: Getting strategies with click count more than 20
Debug Info:
  Processing Method: LLM
  Additional Info:

Test completed!
